Archive member included to satisfy reference by file (symbol)

c:/program files (x86)/atmel/studio/7.0/toolchain/avr8/avr8-gnu-toolchain/bin/../lib/gcc/avr/5.4.0/../../../../avr/lib/avrxmega4\libm.a(addsf3.o)
                              AutoCalibrate.o (__subsf3)
c:/program files (x86)/atmel/studio/7.0/toolchain/avr8/avr8-gnu-toolchain/bin/../lib/gcc/avr/5.4.0/../../../../avr/lib/avrxmega4\libm.a(addsf3x.o)
                              c:/program files (x86)/atmel/studio/7.0/toolchain/avr8/avr8-gnu-toolchain/bin/../lib/gcc/avr/5.4.0/../../../../avr/lib/avrxmega4\libm.a(addsf3.o) (__addsf3x)
c:/program files (x86)/atmel/studio/7.0/toolchain/avr8/avr8-gnu-toolchain/bin/../lib/gcc/avr/5.4.0/../../../../avr/lib/avrxmega4\libm.a(cmpsf2.o)
                              AutoCalibrate.o (__eqsf2)
c:/program files (x86)/atmel/studio/7.0/toolchain/avr8/avr8-gnu-toolchain/bin/../lib/gcc/avr/5.4.0/../../../../avr/lib/avrxmega4\libm.a(divsf3.o)
                              AutoCalibrate.o (__divsf3)
c:/program files (x86)/atmel/studio/7.0/toolchain/avr8/avr8-gnu-toolchain/bin/../lib/gcc/avr/5.4.0/../../../../avr/lib/avrxmega4\libm.a(divsf3x.o)
                              c:/program files (x86)/atmel/studio/7.0/toolchain/avr8/avr8-gnu-toolchain/bin/../lib/gcc/avr/5.4.0/../../../../avr/lib/avrxmega4\libm.a(divsf3.o) (__divsf3x)
c:/program files (x86)/atmel/studio/7.0/toolchain/avr8/avr8-gnu-toolchain/bin/../lib/gcc/avr/5.4.0/../../../../avr/lib/avrxmega4\libm.a(fixsfsi.o)
                              AutoCalibrate.o (__fixsfsi)
c:/program files (x86)/atmel/studio/7.0/toolchain/avr8/avr8-gnu-toolchain/bin/../lib/gcc/avr/5.4.0/../../../../avr/lib/avrxmega4\libm.a(fixunssfsi.o)
                              main.o (__fixunssfsi)
c:/program files (x86)/atmel/studio/7.0/toolchain/avr8/avr8-gnu-toolchain/bin/../lib/gcc/avr/5.4.0/../../../../avr/lib/avrxmega4\libm.a(floatsisf.o)
                              bobs_functions.o (__floatunsisf)
c:/program files (x86)/atmel/studio/7.0/toolchain/avr8/avr8-gnu-toolchain/bin/../lib/gcc/avr/5.4.0/../../../../avr/lib/avrxmega4\libm.a(floor.o)
                              bobs_functions.o (floor)
c:/program files (x86)/atmel/studio/7.0/toolchain/avr8/avr8-gnu-toolchain/bin/../lib/gcc/avr/5.4.0/../../../../avr/lib/avrxmega4\libm.a(fp_cmp.o)
                              c:/program files (x86)/atmel/studio/7.0/toolchain/avr8/avr8-gnu-toolchain/bin/../lib/gcc/avr/5.4.0/../../../../avr/lib/avrxmega4\libm.a(cmpsf2.o) (__fp_cmp)
c:/program files (x86)/atmel/studio/7.0/toolchain/avr8/avr8-gnu-toolchain/bin/../lib/gcc/avr/5.4.0/../../../../avr/lib/avrxmega4\libm.a(fp_inf.o)
                              c:/program files (x86)/atmel/studio/7.0/toolchain/avr8/avr8-gnu-toolchain/bin/../lib/gcc/avr/5.4.0/../../../../avr/lib/avrxmega4\libm.a(addsf3x.o) (__fp_inf)
c:/program files (x86)/atmel/studio/7.0/toolchain/avr8/avr8-gnu-toolchain/bin/../lib/gcc/avr/5.4.0/../../../../avr/lib/avrxmega4\libm.a(fp_mintl.o)
                              c:/program files (x86)/atmel/studio/7.0/toolchain/avr8/avr8-gnu-toolchain/bin/../lib/gcc/avr/5.4.0/../../../../avr/lib/avrxmega4\libm.a(floor.o) (__fp_mintl)
c:/program files (x86)/atmel/studio/7.0/toolchain/avr8/avr8-gnu-toolchain/bin/../lib/gcc/avr/5.4.0/../../../../avr/lib/avrxmega4\libm.a(fp_mpack.o)
                              c:/program files (x86)/atmel/studio/7.0/toolchain/avr8/avr8-gnu-toolchain/bin/../lib/gcc/avr/5.4.0/../../../../avr/lib/avrxmega4\libm.a(floor.o) (__fp_mpack)
c:/program files (x86)/atmel/studio/7.0/toolchain/avr8/avr8-gnu-toolchain/bin/../lib/gcc/avr/5.4.0/../../../../avr/lib/avrxmega4\libm.a(fp_nan.o)
                              c:/program files (x86)/atmel/studio/7.0/toolchain/avr8/avr8-gnu-toolchain/bin/../lib/gcc/avr/5.4.0/../../../../avr/lib/avrxmega4\libm.a(addsf3x.o) (__fp_nan)
c:/program files (x86)/atmel/studio/7.0/toolchain/avr8/avr8-gnu-toolchain/bin/../lib/gcc/avr/5.4.0/../../../../avr/lib/avrxmega4\libm.a(fp_pscA.o)
                              c:/program files (x86)/atmel/studio/7.0/toolchain/avr8/avr8-gnu-toolchain/bin/../lib/gcc/avr/5.4.0/../../../../avr/lib/avrxmega4\libm.a(addsf3x.o) (__fp_pscA)
c:/program files (x86)/atmel/studio/7.0/toolchain/avr8/avr8-gnu-toolchain/bin/../lib/gcc/avr/5.4.0/../../../../avr/lib/avrxmega4\libm.a(fp_pscB.o)
                              c:/program files (x86)/atmel/studio/7.0/toolchain/avr8/avr8-gnu-toolchain/bin/../lib/gcc/avr/5.4.0/../../../../avr/lib/avrxmega4\libm.a(addsf3x.o) (__fp_pscB)
c:/program files (x86)/atmel/studio/7.0/toolchain/avr8/avr8-gnu-toolchain/bin/../lib/gcc/avr/5.4.0/../../../../avr/lib/avrxmega4\libm.a(fp_round.o)
                              c:/program files (x86)/atmel/studio/7.0/toolchain/avr8/avr8-gnu-toolchain/bin/../lib/gcc/avr/5.4.0/../../../../avr/lib/avrxmega4\libm.a(addsf3.o) (__fp_round)
c:/program files (x86)/atmel/studio/7.0/toolchain/avr8/avr8-gnu-toolchain/bin/../lib/gcc/avr/5.4.0/../../../../avr/lib/avrxmega4\libm.a(fp_split3.o)
[...]
Memory Configuration

Name             Origin             Length             Attributes
text             0x00000000         0x00020000         xr
data             0x00804000         0x00004000         rw !x
eeprom           0x00810000         0x00000200         rw !x
fuse             0x00820000         0x00000010         rw !x
lock             0x00830000         0x00000400         rw !x
signature        0x00840000         0x00000400         rw !x
user_signatures  0x00850000         0x00000400         rw !x
*default*        0x00000000         0xffffffff

Linker script and memory map

Address of section .data set to 0x804000
                0x00008000                __RODATA_PM_OFFSET__ = 0x8000
LOAD C:/Program Files (x86)/Atmel/Studio/7.0/Packs/Atmel/AVR-Dx_DFP/1.8.95/gcc/dev/avr128da48/avrxmega4/crtavr128da48.o
LOAD atmel_start.o
LOAD AutoCalibrate.o
LOAD BluetoothDataIn.o
LOAD BluetoothDataOut.o
LOAD bobs_functions.o
LOAD driver_isr.o
LOAD EepromFunctions.o
LOAD examples/src/adc_basic_example.o
LOAD examples/src/nvmctrl_basic_example.o
LOAD examples/src/usart_basic_example.o
LOAD import_preferences.o
LOAD main.o
LOAD seven_seg_led.o
LOAD src/adc_basic.o
LOAD src/bod.o
LOAD src/clkctrl.o
LOAD src/cpuint.o
LOAD src/driver_init.o
LOAD src/evsys.o
LOAD src/nvmctrl_basic.o
LOAD src/protected_io.o
LOAD src/slpctrl.o
LOAD src/usart_basic.o
LOAD src/vref.o
LOAD src/wdt.o
LOAD SYBT5_Routines.o
START GROUP
LOAD c:/program files (x86)/atmel/studio/7.0/toolchain/avr8/avr8-gnu-toolchain/bin/../lib/gcc/avr/5.4.0/../../../../avr/lib/avrxmega4\libm.a
END GROUP
START GROUP
LOAD c:/program files (x86)/atmel/studio/7.0/toolchain/avr8/avr8-gnu-toolchain/bin/../lib/gcc/avr/5.4.0/avrxmega4\libgcc.a
LOAD c:/program files (x86)/atmel/studio/7.0/toolchain/avr8/avr8-gnu-toolchain/bin/../lib/gcc/avr/5.4.0/../../../../avr/lib/avrxmega4\libm.a
LOAD c:/program files (x86)/atmel/studio/7.0/toolchain/avr8/avr8-gnu-toolchain/bin/../lib/gcc/avr/5.4.0/../../../../avr/lib/avrxmega4\libc.a
LOAD C:/Program Files (x86)/Atmel/Studio/7.0/Packs/Atmel/AVR-Dx_DFP/1.8.95/gcc/dev/avr128da48/avrxmega4\libavr128da48.a
END GROUP
                [0x00000000]                __TEXT_REGION_ORIGIN__ = DEFINED (__TEXT_REGION_ORIGIN__)?__TEXT_REGION_ORIGIN__:0x0
                [0x00804000]                __DATA_REGION_ORIGIN__ = DEFINED (__DATA_REGION_ORIGIN__)?__DATA_REGION_ORIGIN__:0x802000
                [0x00020000]                __TEXT_REGION_LENGTH__ = DEFINED (__TEXT_REGION_LENGTH__)?__TEXT_REGION_LENGTH__:0x100000
                [0x00004000]                __DATA_REGION_LENGTH__ = DEFINED (__DATA_REGION_LENGTH__)?__DATA_REGION_LENGTH__:0xffa0
                [0x00000200]                __EEPROM_REGION_LENGTH__ = DEFINED (__EEPROM_REGION_LENGTH__)?__EEPROM_REGION_LENGTH__:0x10000
                [0x00000010]                __FUSE_REGION_LENGTH__ = DEFINED (__FUSE_REGION_LENGTH__)?__FUSE_REGION_LENGTH__:0x400
                0x00000400                __LOCK_REGION_LENGTH__ = DEFINED (__LOCK_REGION_LENGTH__)?__LOCK_REGION_LENGTH__:0x400
                0x00000400                __SIGNATURE_REGION_LENGTH__ = DEFINED (__SIGNATURE_REGION_LENGTH__)?__SIGNATURE_REGION_LENGTH__:0x400
                0x00000400                __USER_SIGNATURE_REGION_LENGTH__ = DEFINED (__USER_SIGNATURE_REGION_LENGTH__)?__USER_SIGNATURE_REGION_LENGTH__:0x400

.hash
 *(.hash)

.dynsym
 *(.dynsym)

.dynstr
 *(.dynstr)

.gnu.version
 *(.gnu.version)

.gnu.version_d
 *(.gnu.version_d)

.gnu.version_r
 *(.gnu.version_r)

.rel.init
 *(.rel.init)

.rela.init
 *(.rela.init)

.rel.text
 *(.rel.text)
 *(.rel.text.*)
 *(.rel.gnu.linkonce.t*)

.rela.text
 *(.rela.text)
 *(.rela.text.*)
 *(.rela.gnu.linkonce.t*)

.rel.fini
 *(.rel.fini)

.rela.fini
 *(.rela.fini)

.rel.rodata
 *(.rel.rodata)
 *(.rel.rodata.*)
 *(.rel.gnu.linkonce.r*)

.rela.rodata
 *(.rela.rodata)
 *(.rela.rodata.*)
 *(.rela.gnu.linkonce.r*)

.rel.data
 *(.rel.data)
 *(.rel.data.*)
 *(.rel.gnu.linkonce.d*)

.rela.data
 *(.rela.data)
 *(.rela.data.*)
 *(.rela.gnu.linkonce.d*)

.rel.ctors
 *(.rel.ctors)

.rela.ctors
 *(.rela.ctors)

.rel.dtors
 *(.rel.dtors)

.rela.dtors
 *(.rela.dtors)

.rel.got
 *(.rel.got)

.rela.got
 *(.rela.got)

.rel.bss
 *(.rel.bss)

.rela.bss
 *(.rela.bss)

.rel.plt
 *(.rel.plt)

.rela.plt
 *(.rela.plt)

.text           0x00000000     0x875a
 *(.vectors)
 .vectors       0x00000000       0xe8 C:/Program Files (x86)/Atmel/Studio/7.0/Packs/Atmel/AVR-Dx_DFP/1.8.95/gcc/dev/avr128da48/avrxmega4/crtavr128da48.o
                0x00000000                __vector_default
                0x00000000                __vectors
 *(.vectors)
 *(.progmem.gcc*)
 .progmem.gcc_sw_table.SwitchToDemoModePtr
                0x000000e8       0x18 main.o
 .progmem.gcc_sw_table.ASCII_charactermap
                0x00000100       0x96 seven_seg_led.o
 .progmem.gcc_sw_table.ConvertToASCII
                0x00000196      0x102 seven_seg_led.o
 .progmem.gcc_fplib
                0x00000298       0x5a c:/program files (x86)/atmel/studio/7.0/toolchain/avr8/avr8-gnu-toolchain/bin/../lib/gcc/avr/5.4.0/../../../../avr/lib/avrxmega4\libm.a(log.o)
                0x000002f2                . = ALIGN (0x2)
                0x000002f2                __trampolines_start = .
 *(.trampolines)
 .trampolines   0x000002f2        0x0 linker stubs
 *(.trampolines*)
                0x000002f2                __trampolines_end = .
 *libprintf_flt.a:*(.progmem.data)
 *libc.a:*(.progmem.data)
 .progmem.data  0x000002f2        0xc c:/program files (x86)/atmel/studio/7.0/toolchain/avr8/avr8-gnu-toolchain/bin/../lib/gcc/avr/5.4.0/../../../../avr/lib/avrxmega4\libc.a(vfscanf_std.o)
 *(.progmem*)
                0x000002fe                . = ALIGN (0x2)
 *(.jumptables)
 *(.jumptables*)
 *(.lowtext)
 *(.lowtext*)
                0x000002fe                __ctors_start = .
 *(.ctors)
                0x000002fe                __ctors_end = .
                0x000002fe                __dtors_start = .
 *(.dtors)
                0x000002fe                __dtors_end = .
 SORT(*)(.ctors)
 SORT(*)(.dtors)
 *(.init0)
 .init0         0x000002fe        0x0 C:/Program Files (x86)/Atmel/Studio/7.0/Packs/Atmel/AVR-Dx_DFP/1.8.95/gcc/dev/avr128da48/avrxmega4/crtavr128da48.o
                0x000002fe                __init
 *(.init0)
 *(.init1)
 *(.init1)
 *(.init2)
 .init2         0x000002fe        0xc C:/Program Files (x86)/Atmel/Studio/7.0/Packs/Atmel/AVR-Dx_DFP/1.8.95/gcc/dev/avr128da48/avrxmega4/crtavr128da48.o
 *(.init2)
 *(.init3)
 *(.init3)
 *(.init4)
 .init4         0x0000030a       0x1a c:/program files (x86)/atmel/studio/7.0/toolchain/avr8/avr8-gnu-toolchain/bin/../lib/gcc/avr/5.4.0/avrxmega4\libgcc.a(_copy_data.o)
                0x0000030a                __do_copy_data
 .init4         0x00000324       0x10 c:/program files (x86)/atmel/studio/7.0/toolchain/avr8/avr8-gnu-toolchain/bin/../lib/gcc/avr/5.4.0/avrxmega4\libgcc.a(_clear_bss.o)
                0x00000324                __do_clear_bss
 *(.init4)
 *(.init5)
 *(.init5)
 *(.init6)
 *(.init6)
 *(.init7)
 *(.init7)
 *(.init8)
 *(.init8)
 *(.init9)
 .init9         0x00000334        0x8 C:/Program Files (x86)/Atmel/Studio/7.0/Packs/Atmel/AVR-Dx_DFP/1.8.95/gcc/dev/avr128da48/avrxmega4/crtavr128da48.o
 *(.init9)
 *(.text)
 .text          0x0000033c        0x4 C:/Program Files (x86)/Atmel/Studio/7.0/Packs/Atmel/AVR-Dx_DFP/1.8.95/gcc/dev/avr128da48/avrxmega4/crtavr128da48.o
                0x0000033c                __vector_38
                0x0000033c                __vector_22
                0x0000033c                __vector_28
                0x0000033c                __vector_1
                0x0000033c                __vector_32
                0x0000033c                __vector_34
                0x0000033c                __vector_24
                0x0000033c                __vector_12
                0x0000033c                __vector_55
                0x0000033c                __vector_46
                0x0000033c                __bad_interrupt
                0x0000033c                __vector_6
                0x0000033c                __vector_31
                0x0000033c                __vector_35
                0x0000033c                __vector_39
                0x0000033c                __vector_3
                0x0000033c                __vector_23
                0x0000033c                __vector_30
                0x0000033c                __vector_45
                0x0000033c                __vector_25
                0x0000033c                __vector_11
                0x0000033c                __vector_54
                0x0000033c                __vector_13
                0x0000033c                __vector_17
                0x0000033c                __vector_19
                0x0000033c                __vector_56
                0x0000033c                __vector_7
                0x0000033c                __vector_49
                0x0000033c                __vector_41
                0x0000033c                __vector_43
                0x0000033c                __vector_27
                0x0000033c                __vector_5
                0x0000033c                __vector_33
                0x0000033c                __vector_47
                0x0000033c                __vector_52
                0x0000033c                __vector_37
                0x0000033c                __vector_4
                0x0000033c                __vector_44
                0x0000033c                __vector_51
                0x0000033c                __vector_9
                0x0000033c                __vector_2
                0x0000033c                __vector_21
                0x0000033c                __vector_15
                0x0000033c                __vector_36
                0x0000033c                __vector_29
                0x0000033c                __vector_40
                0x0000033c                __vector_8
                0x0000033c                __vector_26
                0x0000033c                __vector_48
                0x0000033c                __vector_14
                0x0000033c                __vector_57
                0x0000033c                __vector_53
                0x0000033c                __vector_10
                0x0000033c                __vector_50
                0x0000033c                __vector_16
                0x0000033c                __vector_18
                0x0000033c                __vector_20
                0x0000033c                __vector_42
                0x00000340                . = ALIGN (0x2)
 *(.text.*)
 .text.atmel_start_init
                0x00000340        0x6 atmel_start.o
                0x00000340                atmel_start_init
 .text.BeginAutoCalibration
                0x00000346      0x116 AutoCalibrate.o
                0x00000346                BeginAutoCalibration
 .text.EnterCalValue66
                0x0000045c      0x12c AutoCalibrate.o
                0x0000045c                EnterCalValue66
 .text.EnterCalValue20
                0x00000588      0x12c AutoCalibrate.o
                0x00000588                EnterCalValue20
 .text.EnterCalValue69
                0x000006b4      0x12c AutoCalibrate.o
                0x000006b4                EnterCalValue69
 .text.RunAutoCalibration
                0x000007e0      0x494 AutoCalibrate.o
                0x000007e0                RunAutoCalibration
 .text.SaveAutoCalibration
                0x00000c74      0x1be AutoCalibrate.o
                0x00000c74                SaveAutoCalibration
 .text.SYBTvoltsADcal
                0x00000e32       0x6a BluetoothDataIn.o
                0x00000e32                SYBTvoltsADcal
 .text.LoadvoltsADcal
                0x00000e9c       0x6a BluetoothDataIn.o
                0x00000e9c                LoadvoltsADcal
 .text.NineVoltBatteryCal
                0x00000f06       0x6a BluetoothDataIn.o
                0x00000f06                NineVoltBatteryCal
 .text.SixVoltBatteryCal
                0x00000f70       0x6a BluetoothDataIn.o
                0x00000f70                SixVoltBatteryCal
 .text.OhmmeterCalA
                0x00000fda       0x6a BluetoothDataIn.o
                0x00000fda                OhmmeterCalA
 .text.OhmmeterCalB
                0x00001044       0x6a BluetoothDataIn.o
                0x00001044                OhmmeterCalB
 .text.ThermistorCalA
                0x000010ae       0x6a BluetoothDataIn.o
                0x000010ae                ThermistorCalA
 .text.ThermistorCalB
                0x00001118       0x6a BluetoothDataIn.o
                0x00001118                ThermistorCalB
 .text.ThermistorCalOne
                0x00001182       0x6a BluetoothDataIn.o
                0x00001182                ThermistorCalOne
 .text.ThermistorCal2
                0x000011ec       0x78 BluetoothDataIn.o
                0x000011ec                ThermistorCal2
 .text.ThermistorCal3
                0x00001264       0x7e BluetoothDataIn.o
                0x00001264                ThermistorCal3
 .text.ThermistorOffset
                0x000012e2       0x6a BluetoothDataIn.o
                0x000012e2                ThermistorOffset
 .text.IntThermistorCalA
                0x0000134c       0x6a BluetoothDataIn.o
                0x0000134c                IntThermistorCalA
 .text.IntThermistorCalB
                0x000013b6       0x6a BluetoothDataIn.o
                0x000013b6                IntThermistorCalB
 .text.IntThermistorCalOne
                0x00001420       0x6a BluetoothDataIn.o
                0x00001420                IntThermistorCalOne
 .text.IntThermistorCal2
                0x0000148a       0x78 BluetoothDataIn.o
                0x0000148a                IntThermistorCal2
 .text.IntThermistorCal3
                0x00001502       0x78 BluetoothDataIn.o
                0x00001502                IntThermistorCal3
 .text.IntThermistorOffset
                0x0000157a       0x6a BluetoothDataIn.o
                0x0000157a                IntThermistorOffset
 .text.HSThermistorCalA
                0x000015e4       0x6a BluetoothDataIn.o
                0x000015e4                HSThermistorCalA
 .text.HSThermistorCalB
                0x0000164e       0x6a BluetoothDataIn.o
                0x0000164e                HSThermistorCalB
 .text.HSThermistorCalOne
                0x000016b8       0x6a BluetoothDataIn.o
                0x000016b8                HSThermistorCalOne
 .text.HSThermistorCal2
                0x00001722       0x78 BluetoothDataIn.o
                0x00001722                HSThermistorCal2
 .text.HSThermistorCal3
                0x0000179a       0x78 BluetoothDataIn.o
                0x0000179a                HSThermistorCal3
 .text.HSThermistorOffset
                0x00001812       0x6a BluetoothDataIn.o
                0x00001812                HSThermistorOffset
 .text.FarenheitOrCentigrade
                0x0000187c       0xb8 BluetoothDataIn.o
                0x0000187c                FarenheitOrCentigrade
 .text.TemperatureOrResistance
                0x00001934       0xb8 BluetoothDataIn.o
                0x00001934                TemperatureOrResistance
 .text.TypeOrResistance
                0x000019ec       0xb8 BluetoothDataIn.o
                0x000019ec                TypeOrResistance
 .text.AutoOnOff
                0x00001aa4       0xb8 BluetoothDataIn.o
                0x00001aa4                AutoOnOff
 .text.SYBTflavorOne
                0x00001b5c       0xac BluetoothDataIn.o
                0x00001b5c                SYBTflavorOne
 .text.SYBTflavorTwo
                0x00001c08       0xac BluetoothDataIn.o
                0x00001c08                SYBTflavorTwo
 .text.SYBTflavorThree
                0x00001cb4       0xac BluetoothDataIn.o
                0x00001cb4                SYBTflavorThree
 .text.SYBTflavorFour
                0x00001d60       0xac BluetoothDataIn.o
                0x00001d60                SYBTflavorFour
 .text.RestoreSafeMode
                0x00001e0c       0x2a BluetoothDataIn.o
                0x00001e0c                RestoreSafeMode
 .text.ExitSafeMode
                0x00001e36       0x56 BluetoothDataIn.o
                0x00001e36                ExitSafeMode
 .text.SleepTimeOne
                0x00001e8c       0x7a BluetoothDataIn.o
                0x00001e8c                SleepTimeOne
 .text.SleepTimeTwo
                0x00001f06       0x7a BluetoothDataIn.o
                0x00001f06                SleepTimeTwo
 .text.SleepTimeThree
                0x00001f80       0x7a BluetoothDataIn.o
                0x00001f80                SleepTimeThree
 .text.SleepDisable
                0x00001ffa       0x22 BluetoothDataIn.o
                0x00001ffa                SleepDisable
 .text.SleepRestore
                0x0000201c       0x22 BluetoothDataIn.o
                0x0000201c                SleepRestore
 .text.EnterDemoMode
                0x0000203e       0x2e BluetoothDataIn.o
                0x0000203e                EnterDemoMode
 .text.ExitDemoMode
                0x0000206c       0x26 BluetoothDataIn.o
                0x0000206c                ExitDemoMode
 .text.SendCalDataToApp
                0x00002092       0x12 BluetoothDataIn.o
                0x00002092                SendCalDataToApp
 .text.ReceiveBeepCommand
                0x000020a4       0x12 BluetoothDataIn.o
                0x000020a4                ReceiveBeepCommand
 .text.SetBluetoothName
                0x000020b6       0x60 BluetoothDataIn.o
                0x000020b6                SetBluetoothName
 .text.SetSYBTidentTolerance
                0x00002116       0x58 BluetoothDataIn.o
                0x00002116                SetSYBTidentTolerance
 .text.EraseEEPROM
                0x0000216e       0x4e BluetoothDataIn.o
                0x0000216e                EraseEEPROM
 .text.SetLoadTestToleranceA
                0x000021bc       0x58 BluetoothDataIn.o
                0x000021bc                SetLoadTestToleranceA
 .text.SetLoadTestToleranceB
                0x00002214       0x58 BluetoothDataIn.o
                0x00002214                SetLoadTestToleranceB
 .text.EchoOne  0x0000226c       0x4e BluetoothDataIn.o
                0x0000226c                EchoOne
 .text.EchoTwo  0x000022ba       0x4e BluetoothDataIn.o
                0x000022ba                EchoTwo
 .text.EchoThree
                0x00002308       0x38 BluetoothDataIn.o
                0x00002308                EchoThree
 .text.LXvoltageCal
                0x00002340       0x58 BluetoothDataIn.o
                0x00002340                LXvoltageCal
 .text.LightLoadOn
                0x00002398        0xe BluetoothDataIn.o
                0x00002398                LightLoadOn
 .text.LightLoadOff
                0x000023a6        0xe BluetoothDataIn.o
                0x000023a6                LightLoadOff
 .text.identify_commands
                0x000023b4      0x9ba BluetoothDataIn.o
                0x000023b4                identify_commands
 .text.USART0_getString
                0x00002d6e       0x62 BluetoothDataIn.o
                0x00002d6e                USART0_getString
 .text.RenameBluetooth
                0x00002dd0       0xea BluetoothDataIn.o
                0x00002dd0                RenameBluetooth
 .text.TransmitBatteryData
                0x00002eba       0x40 BluetoothDataOut.o
                0x00002eba                TransmitBatteryData
 .text.TransmitADcalData
                0x00002efa       0x42 BluetoothDataOut.o
                0x00002efa                TransmitADcalData
 .text.TransmitManualCalData
                0x00002f3c       0x42 BluetoothDataOut.o
                0x00002f3c                TransmitManualCalData
 .text.TransmitFlavorData
                0x00002f7e       0x42 BluetoothDataOut.o
                0x00002f7e                TransmitFlavorData
 .text.SendThermistorCal
                0x00002fc0      0x1ec BluetoothDataOut.o
                0x00002fc0                SendThermistorCal
 .text.TransmitPreferenceData
                0x000031ac       0x42 BluetoothDataOut.o
                0x000031ac                TransmitPreferenceData
 .text.GatherPreferenceData
                0x000031ee       0x8e BluetoothDataOut.o
                0x000031ee                GatherPreferenceData
 .text.UnfinishedTXbusiness
                0x0000327c       0xb4 BluetoothDataOut.o
                0x0000327c                UnfinishedTXbusiness
 .text.TurnEverythingOn
                0x00003330       0x12 bobs_functions.o
                0x00003330                TurnEverythingOn
 .text.ConvertToTemperature
                0x00003342      0x10a bobs_functions.o
                0x00003342                ConvertToTemperature
 .text.USART0_sendChar
                0x0000344c        0xe bobs_functions.o
                0x0000344c                USART0_sendChar
 .text.USART0_sendString
                0x0000345a       0x3e bobs_functions.o
                0x0000345a                USART0_sendString
 .text.USART3_sendString
                0x00003498       0x44 bobs_functions.o
                0x00003498                USART3_sendString
 .text.USART_1_read_with_timeout
                0x000034dc       0x2c bobs_functions.o
                0x000034dc                USART_1_read_with_timeout
 .text.USART_1_disable_rx
                0x00003508        0xc bobs_functions.o
                0x00003508                USART_1_disable_rx
 .text.Identify_Battery_Type
                0x00003514      0x4de bobs_functions.o
                0x00003514                Identify_Battery_Type
 .text.Test_Battery
                0x000039f2      0x6a6 bobs_functions.o
                0x000039f2                Test_Battery
 .text.Gather_Battery_Data
                0x00004098      0x544 bobs_functions.o
                0x00004098                Gather_Battery_Data
 .text.NewSetUnfinishedBusiness
                0x000045dc       0x28 bobs_functions.o
                0x000045dc                NewSetUnfinishedBusiness
 .text.NewClearUnfinishedBusiness
                0x00004604       0x30 bobs_functions.o
                0x00004604                NewClearUnfinishedBusiness
 .text.MeasureSixVoltBattery
                0x00004634       0x94 bobs_functions.o
                0x00004634                MeasureSixVoltBattery
 .text.GatherSYBTflavorData
                0x000046c8       0xce bobs_functions.o
                0x000046c8                GatherSYBTflavorData
 .text.Measure24voltSupply
                0x00004796       0x22 bobs_functions.o
                0x00004796                Measure24voltSupply
 .text.RestoreSleepSettings
                0x000047b8      0x11e EepromFunctions.o
                0x000047b8                RestoreSleepSettings
 .text.CheckEEPROMvalues
                0x000048d6      0x6b6 EepromFunctions.o
                0x000048d6                CheckEEPROMvalues
 .text.SendDataToLEDdrivers
                0x00004f8c      0x1c4 main.o
                0x00004f8c                SendDataToLEDdrivers
 .text.MeasureSYBTvolts
                0x00005150      0x17e main.o
                0x00005150                MeasureSYBTvolts
 .text.MeasureSYBTresistance
                0x000052ce      0x1e0 main.o
                0x000052ce                MeasureSYBTresistance
 .text.MeasureSYBTtemperature
                0x000054ae      0x5f4 main.o
                0x000054ae                MeasureSYBTtemperature
 .text.MeasureInternalTemperature
                0x00005aa2       0xc4 main.o
                0x00005aa2                MeasureInternalTemperature
 .text.SwitchToDemoModePtr
                0x00005b66       0xea main.o
                0x00005b66                SwitchToDemoModePtr
 .text.MeasureLXvoltage
                0x00005c50       0xda main.o
                0x00005c50                MeasureLXvoltage
 .text.IsSYBT5orE3SadapterConnected
                0x00005d2a       0x5c main.o
                0x00005d2a                IsSYBT5orE3SadapterConnected
 .text.main     0x00005d86      0x6d4 main.o
                0x00005d86                main
 .text.ASCII_charactermap
                0x0000645a       0xaa seven_seg_led.o
                0x0000645a                ASCII_charactermap
 .text.ConvertToASCII
                0x00006504       0x52 seven_seg_led.o
                0x00006504                ConvertToASCII
 .text.ADC_0_init
                0x00006556        0xa src/adc_basic.o
                0x00006556                ADC_0_init
 .text.ADC_0_start_conversion
                0x00006560       0x12 src/adc_basic.o
                0x00006560                ADC_0_start_conversion
 .text.ADC_0_is_conversion_done
                0x00006572        0x8 src/adc_basic.o
                0x00006572                ADC_0_is_conversion_done
 .text.ADC_0_get_conversion_result
                0x0000657a        0xa src/adc_basic.o
                0x0000657a                ADC_0_get_conversion_result
 .text.ADC_0_get_conversion
                0x00006584       0x1c src/adc_basic.o
                0x00006584                ADC_0_get_conversion
 .text.BOD_init
                0x000065a0        0x8 src/bod.o
                0x000065a0                BOD_init
 .text.CLKCTRL_init
                0x000065a8        0x4 src/clkctrl.o
                0x000065a8                CLKCTRL_init
 .text.CPUINT_init
                0x000065ac        0x4 src/cpuint.o
                0x000065ac                CPUINT_init
 .text.mcu_init
                0x000065b0       0x92 src/driver_init.o
                0x000065b0                mcu_init
 .text.USART_0_initialization
                0x00006642       0x22 src/driver_init.o
                0x00006642                USART_0_initialization
 .text.USART_1_initialization
                0x00006664       0x22 src/driver_init.o
                0x00006664                USART_1_initialization
 .text.USART_3_initialization
                0x00006686       0x22 src/driver_init.o
                0x00006686                USART_3_initialization
 .text.EVENT_SYSTEM_0_initialization
                0x000066a8        0x6 src/driver_init.o
                0x000066a8                EVENT_SYSTEM_0_initialization
 .text.ADC_0_initialization
                0x000066ae       0xcc src/driver_init.o
                0x000066ae                ADC_0_initialization
 .text.FLASH_0_initialization
                0x0000677a        0x6 src/driver_init.o
                0x0000677a                FLASH_0_initialization
 .text.system_init
                0x00006780      0x10a src/driver_init.o
                0x00006780                system_init
 .text.EVENT_SYSTEM_0_init
                0x0000688a        0x4 src/evsys.o
                0x0000688a                EVENT_SYSTEM_0_init
 .text.FLASH_0_init
                0x0000688e        0x4 src/nvmctrl_basic.o
                0x0000688e                FLASH_0_init
 .text.FLASH_0_read_eeprom_byte
                0x00006892        0x8 src/nvmctrl_basic.o
                0x00006892                FLASH_0_read_eeprom_byte
 .text.FLASH_0_write_eeprom_byte
                0x0000689a       0x38 src/nvmctrl_basic.o
                0x0000689a                FLASH_0_write_eeprom_byte
 .text.FLASH_0_read_eeprom_block
                0x000068d2        0xe src/nvmctrl_basic.o
                0x000068d2                FLASH_0_read_eeprom_block
 .text.FLASH_0_write_eeprom_block
                0x000068e0       0x5c src/nvmctrl_basic.o
                0x000068e0                FLASH_0_write_eeprom_block
 .text.protected_write_io
                0x0000693c        0xa src/protected_io.o
                0x0000693c                protected_write_io
 .text.SLPCTRL_init
                0x00006946        0x4 src/slpctrl.o
                0x00006946                SLPCTRL_init
 .text.USART_0_init
                0x0000694a       0x20 src/usart_basic.o
                0x0000694a                USART_0_init
 .text.USART_0_enable_rx
                0x0000696a        0xc src/usart_basic.o
                0x0000696a                USART_0_enable_rx
 .text.USART_0_is_rx_ready
                0x00006976        0xc src/usart_basic.o
                0x00006976                USART_0_is_rx_ready
 .text.USART_0_read
                0x00006982        0xe src/usart_basic.o
                0x00006982                USART_0_read
 .text.USART_0_write
                0x00006990        0xe src/usart_basic.o
                0x00006990                USART_0_write
 .text.USART_0_printCHAR
                0x0000699e        0xa src/usart_basic.o
                0x0000699e                USART_0_printCHAR
 .text.USART_1_init
                0x000069a8       0x14 src/usart_basic.o
                0x000069a8                USART_1_init
 .text.USART_1_enable_rx
                0x000069bc        0xc src/usart_basic.o
                0x000069bc                USART_1_enable_rx
 .text.USART_1_write
                0x000069c8        0xe src/usart_basic.o
                0x000069c8                USART_1_write
 .text.USART_3_init
                0x000069d6       0x14 src/usart_basic.o
                0x000069d6                USART_3_init
 .text.USART_3_write
                0x000069ea        0xe src/usart_basic.o
                0x000069ea                USART_3_write
 .text.VREF_0_init
                0x000069f8        0xa src/vref.o
                0x000069f8                VREF_0_init
 .text.WDT_0_init
                0x00006a02       0x10 src/wdt.o
                0x00006a02                WDT_0_init
 .text.ConvertShuntBitsToValue
                0x00006a12       0x4c SYBT5_Routines.o
                0x00006a12                ConvertShuntBitsToValue
 .text.WriteToSYBT
                0x00006a5e       0x30 SYBT5_Routines.o
                0x00006a5e                WriteToSYBT
 .text.GetDataFromSYBT
                0x00006a8e       0x34 SYBT5_Routines.o
                0x00006a8e                GetDataFromSYBT
 .text.GoToAddress
                0x00006ac2       0x42 SYBT5_Routines.o
                0x00006ac2                GoToAddress
 .text.GetSYBT5serialNumber
                0x00006b04       0x8e SYBT5_Routines.o
                0x00006b04                GetSYBT5serialNumber
 .text.GetSYBTdate
                0x00006b92       0xa8 SYBT5_Routines.o
                0x00006b92                GetSYBTdate
 .text.GetSYBTname
                0x00006c3a       0xd0 SYBT5_Routines.o
                0x00006c3a                GetSYBTname
 .text.GetSYBT5emperature
                0x00006d0a      0x110 SYBT5_Routines.o
                0x00006d0a                GetSYBT5emperature
 .text.GetSYBT5highTemperature
                0x00006e1a       0xd2 SYBT5_Routines.o
                0x00006e1a                GetSYBT5highTemperature
 .text.GetSYBT5switchPosition
                0x00006eec      0x10a SYBT5_Routines.o
                0x00006eec                GetSYBT5switchPosition
 .text.GetSYBT5calFactor
                0x00006ff6       0xf0 SYBT5_Routines.o
                0x00006ff6                GetSYBT5calFactor
 .text.GetSYBT5shuntValue
                0x000070e6      0x12c SYBT5_Routines.o
                0x000070e6                GetSYBT5shuntValue
 .text.IsConnectedToSYBT5
                0x00007212       0x6c SYBT5_Routines.o
                0x00007212                IsConnectedToSYBT5
 .text.LookForCommands
                0x0000727e       0x14 SYBT5_Routines.o
                0x0000727e                LookForCommands
 .text.LookForAnyChanges
                0x00007292       0x12 SYBT5_Routines.o
                0x00007292                LookForAnyChanges
 .text.FastSYBT5query
                0x000072a4       0xd4 SYBT5_Routines.o
                0x000072a4                FastSYBT5query
 .text.avr-libc.fplib
                0x00007378        0xe c:/program files (x86)/atmel/studio/7.0/toolchain/avr8/avr8-gnu-toolchain/bin/../lib/gcc/avr/5.4.0/../../../../avr/lib/avrxmega4\libm.a(addsf3.o)
                0x00007378                __subsf3
                0x0000737a                __addsf3
 .text.avr-libc.fplib
                0x00007386       0xcc c:/program files (x86)/atmel/studio/7.0/toolchain/avr8/avr8-gnu-toolchain/bin/../lib/gcc/avr/5.4.0/../../../../avr/lib/avrxmega4\libm.a(addsf3x.o)
                0x000073a8                __addsf3x
 .text.avr-libc.fplib
                0x00007452        0xa c:/program files (x86)/atmel/studio/7.0/toolchain/avr8/avr8-gnu-toolchain/bin/../lib/gcc/avr/5.4.0/../../../../avr/lib/avrxmega4\libm.a(cmpsf2.o)
                0x00007452                __nesf2
                0x00007452                __eqsf2
                0x00007452                __cmpsf2
                0x00007452                __ltsf2
                0x00007452                __lesf2
 .text.avr-libc.fplib
                0x0000745c        0x8 c:/program files (x86)/atmel/studio/7.0/toolchain/avr8/avr8-gnu-toolchain/bin/../lib/gcc/avr/5.4.0/../../../../avr/lib/avrxmega4\libm.a(divsf3.o)
                0x0000745c                __divsf3
 .text.avr-libc.fplib
                0x00007464       0xdc c:/program files (x86)/atmel/studio/7.0/toolchain/avr8/avr8-gnu-toolchain/bin/../lib/gcc/avr/5.4.0/../../../../avr/lib/avrxmega4\libm.a(divsf3x.o)
                0x00007484                __divsf3x
                0x0000748a                __divsf3_pse
 .text.avr-libc.fplib
                0x00007540        0xe c:/program files (x86)/atmel/studio/7.0/toolchain/avr8/avr8-gnu-toolchain/bin/../lib/gcc/avr/5.4.0/../../../../avr/lib/avrxmega4\libm.a(fixsfsi.o)
                0x00007540                __fixsfsi
 .text.avr-libc.fplib
                0x0000754e       0x5e c:/program files (x86)/atmel/studio/7.0/toolchain/avr8/avr8-gnu-toolchain/bin/../lib/gcc/avr/5.4.0/../../../../avr/lib/avrxmega4\libm.a(fixunssfsi.o)
                0x0000754e                __fixunssfsi
 .text.avr-libc.fplib
                0x000075ac       0x7a c:/program files (x86)/atmel/studio/7.0/toolchain/avr8/avr8-gnu-toolchain/bin/../lib/gcc/avr/5.4.0/../../../../avr/lib/avrxmega4\libm.a(floatsisf.o)
                0x000075ac                __floatunsisf
                0x000075b0                __floatsisf
 .text.avr-libc.fplib
                0x00007626       0x2e c:/program files (x86)/atmel/studio/7.0/toolchain/avr8/avr8-gnu-toolchain/bin/../lib/gcc/avr/5.4.0/../../../../avr/lib/avrxmega4\libm.a(floor.o)
                0x00007626                floor
 .text.avr-libc.fplib
                0x00007654       0x48 c:/program files (x86)/atmel/studio/7.0/toolchain/avr8/avr8-gnu-toolchain/bin/../lib/gcc/avr/5.4.0/../../../../avr/lib/avrxmega4\libm.a(fp_cmp.o)
                0x00007654                __fp_cmp
 .text.avr-libc.fplib
                0x0000769c        0xc c:/program files (x86)/atmel/studio/7.0/toolchain/avr8/avr8-gnu-toolchain/bin/../lib/gcc/avr/5.4.0/../../../../avr/lib/avrxmega4\libm.a(fp_inf.o)
                0x0000769c                __fp_inf
 .text.avr-libc.fplib
                0x000076a8       0x36 c:/program files (x86)/atmel/studio/7.0/toolchain/avr8/avr8-gnu-toolchain/bin/../lib/gcc/avr/5.4.0/../../../../avr/lib/avrxmega4\libm.a(fp_mintl.o)
                0x000076a8                __fp_mintl
 .text.avr-libc.fplib
                0x000076de       0x1c c:/program files (x86)/atmel/studio/7.0/toolchain/avr8/avr8-gnu-toolchain/bin/../lib/gcc/avr/5.4.0/../../../../avr/lib/avrxmega4\libm.a(fp_mpack.o)
                0x000076de                __fp_mpack
                0x000076e2                __fp_mpack_finite
 .text.avr-libc.fplib
                0x000076fa        0x6 c:/program files (x86)/atmel/studio/7.0/toolchain/avr8/avr8-gnu-toolchain/bin/../lib/gcc/avr/5.4.0/../../../../avr/lib/avrxmega4\libm.a(fp_nan.o)
                0x000076fa                __fp_nan
 .text.avr-libc.fplib
                0x00007700        0xe c:/program files (x86)/atmel/studio/7.0/toolchain/avr8/avr8-gnu-toolchain/bin/../lib/gcc/avr/5.4.0/../../../../avr/lib/avrxmega4\libm.a(fp_pscA.o)
                0x00007700                __fp_pscA
 .text.avr-libc.fplib
                0x0000770e        0xe c:/program files (x86)/atmel/studio/7.0/toolchain/avr8/avr8-gnu-toolchain/bin/../lib/gcc/avr/5.4.0/../../../../avr/lib/avrxmega4\libm.a(fp_pscB.o)
                0x0000770e                __fp_pscB
 .text.avr-libc.fplib
                0x0000771c       0x22 c:/program files (x86)/atmel/studio/7.0/toolchain/avr8/avr8-gnu-toolchain/bin/../lib/gcc/avr/5.4.0/../../../../avr/lib/avrxmega4\libm.a(fp_round.o)
                0x0000771c                __fp_round
 .text.avr-libc.fplib
                0x0000773e       0x44 c:/program files (x86)/atmel/studio/7.0/toolchain/avr8/avr8-gnu-toolchain/bin/../lib/gcc/avr/5.4.0/../../../../avr/lib/avrxmega4\libm.a(fp_split3.o)
                0x0000773e                __fp_split3
                0x0000774e                __fp_splitA
 .text.avr-libc.fplib
                0x00007782       0x30 c:/program files (x86)/atmel/studio/7.0/toolchain/avr8/avr8-gnu-toolchain/bin/../lib/gcc/avr/5.4.0/../../../../avr/lib/avrxmega4\libm.a(fp_trunc.o)
                0x00007782                __fp_trunc
 .text.avr-libc.fplib
                0x000077b2        0xe c:/program files (x86)/atmel/studio/7.0/toolchain/avr8/avr8-gnu-toolchain/bin/../lib/gcc/avr/5.4.0/../../../../avr/lib/avrxmega4\libm.a(fp_zero.o)
                0x000077b2                __fp_zero
                0x000077b4                __fp_szero
 .text.avr-libc.fplib
                0x000077c0        0xa c:/program files (x86)/atmel/studio/7.0/toolchain/avr8/avr8-gnu-toolchain/bin/../lib/gcc/avr/5.4.0/../../../../avr/lib/avrxmega4\libm.a(gesf2.o)
                0x000077c0                __gesf2
                0x000077c0                __gtsf2
 .text.avr-libc.fplib
                0x000077ca       0xa0 c:/program files (x86)/atmel/studio/7.0/toolchain/avr8/avr8-gnu-toolchain/bin/../lib/gcc/avr/5.4.0/../../../../avr/lib/avrxmega4\libm.a(log.o)
                0x000077da                log
 .text.avr-libc.fplib
                0x0000786a        0x8 c:/program files (x86)/atmel/studio/7.0/toolchain/avr8/avr8-gnu-toolchain/bin/../lib/gcc/avr/5.4.0/../../../../avr/lib/avrxmega4\libm.a(mulsf3.o)
                0x0000786a                __mulsf3
 .text.avr-libc.fplib
                0x00007872       0xd2 c:/program files (x86)/atmel/studio/7.0/toolchain/avr8/avr8-gnu-toolchain/bin/../lib/gcc/avr/5.4.0/../../../../avr/lib/avrxmega4\libm.a(mulsf3x.o)
                0x00007890                __mulsf3x
                0x00007896                __mulsf3_pse
 .text.avr-libc.fplib
                0x00007944       0x4e c:/program files (x86)/atmel/studio/7.0/toolchain/avr8/avr8-gnu-toolchain/bin/../lib/gcc/avr/5.4.0/../../../../avr/lib/avrxmega4\libm.a(fp_powser.o)
                0x00007944                __fp_powser
 .text.libgcc.div
                0x00007992       0x28 c:/program files (x86)/atmel/studio/7.0/toolchain/avr8/avr8-gnu-toolchain/bin/../lib/gcc/avr/5.4.0/avrxmega4\libgcc.a(_divmodhi4.o)
                0x00007992                _div
                0x00007992                __divmodhi4
 .text.libgcc.div
                0x000079ba       0x44 c:/program files (x86)/atmel/studio/7.0/toolchain/avr8/avr8-gnu-toolchain/bin/../lib/gcc/avr/5.4.0/avrxmega4\libgcc.a(_udivmodsi4.o)
                0x000079ba                __udivmodsi4
 .text.libgcc   0x000079fe       0x12 c:/program files (x86)/atmel/studio/7.0/toolchain/avr8/avr8-gnu-toolchain/bin/../lib/gcc/avr/5.4.0/avrxmega4\libgcc.a(_tablejump2.o)
                0x000079fe                __tablejump2__
 .text.libgcc.mul
                0x00007a10       0x16 c:/program files (x86)/atmel/studio/7.0/toolchain/avr8/avr8-gnu-toolchain/bin/../lib/gcc/avr/5.4.0/avrxmega4\libgcc.a(_muluhisi3.o)
                0x00007a10                __muluhisi3
 .text.libgcc.div
                0x00007a26       0x28 c:/program files (x86)/atmel/studio/7.0/toolchain/avr8/avr8-gnu-toolchain/bin/../lib/gcc/avr/5.4.0/avrxmega4\libgcc.a(_udivmodhi4.o)
                0x00007a26                __udivmodhi4
 .text.libgcc.mul
                0x00007a4e       0x1e c:/program files (x86)/atmel/studio/7.0/toolchain/avr8/avr8-gnu-toolchain/bin/../lib/gcc/avr/5.4.0/avrxmega4\libgcc.a(_umulhisi3.o)
                0x00007a4e                __umulhisi3
 .text.avr-libc
                0x00007a6c       0x12 c:/program files (x86)/atmel/studio/7.0/toolchain/avr8/avr8-gnu-toolchain/bin/../lib/gcc/avr/5.4.0/../../../../avr/lib/avrxmega4\libc.a(memcpy.o)
                0x00007a6c                memcpy
 .text.avr-libc
                0x00007a7e        0xe c:/program files (x86)/atmel/studio/7.0/toolchain/avr8/avr8-gnu-toolchain/bin/../lib/gcc/avr/5.4.0/../../../../avr/lib/avrxmega4\libc.a(memset.o)
                0x00007a7e                memset
 .text.avr-libc
                0x00007a8c       0x16 c:/program files (x86)/atmel/studio/7.0/toolchain/avr8/avr8-gnu-toolchain/bin/../lib/gcc/avr/5.4.0/../../../../avr/lib/avrxmega4\libc.a(strcat.o)
                0x00007a8c                strcat
 .text.avr-libc
                0x00007aa2        0xe c:/program files (x86)/atmel/studio/7.0/toolchain/avr8/avr8-gnu-toolchain/bin/../lib/gcc/avr/5.4.0/../../../../avr/lib/avrxmega4\libc.a(strcpy.o)
                0x00007aa2                strcpy
 .text.avr-libc
                0x00007ab0       0x1c c:/program files (x86)/atmel/studio/7.0/toolchain/avr8/avr8-gnu-toolchain/bin/../lib/gcc/avr/5.4.0/../../../../avr/lib/avrxmega4\libc.a(strncmp.o)
                0x00007ab0                strncmp
 .text.avr-libc
                0x00007acc       0x52 c:/program files (x86)/atmel/studio/7.0/toolchain/avr8/avr8-gnu-toolchain/bin/../lib/gcc/avr/5.4.0/../../../../avr/lib/avrxmega4\libc.a(sprintf.o)
                0x00007acc                sprintf
 .text.avr-libc
                0x00007b1e       0x38 c:/program files (x86)/atmel/studio/7.0/toolchain/avr8/avr8-gnu-toolchain/bin/../lib/gcc/avr/5.4.0/../../../../avr/lib/avrxmega4\libc.a(sscanf.o)
                0x00007b1e                sscanf
 .text.avr-libc
                0x00007b56      0x408 c:/program files (x86)/atmel/studio/7.0/toolchain/avr8/avr8-gnu-toolchain/bin/../lib/gcc/avr/5.4.0/../../../../avr/lib/avrxmega4\libc.a(vfprintf_std.o)
                0x00007b56                vfprintf
 .text.avr-libc
                0x00007f5e      0x5bc c:/program files (x86)/atmel/studio/7.0/toolchain/avr8/avr8-gnu-toolchain/bin/../lib/gcc/avr/5.4.0/../../../../avr/lib/avrxmega4\libc.a(vfscanf_std.o)
                0x000082d0                vfscanf
 .text.avr-libc
                0x0000851a       0x12 c:/program files (x86)/atmel/studio/7.0/toolchain/avr8/avr8-gnu-toolchain/bin/../lib/gcc/avr/5.4.0/../../../../avr/lib/avrxmega4\libc.a(isspace.o)
                0x0000851a                isspace
 .text.avr-libc
                0x0000852c       0x16 c:/program files (x86)/atmel/studio/7.0/toolchain/avr8/avr8-gnu-toolchain/bin/../lib/gcc/avr/5.4.0/../../../../avr/lib/avrxmega4\libc.a(strchr_P.o)
                0x0000852c                strchr_P
 .text.avr-libc
                0x00008542       0x16 c:/program files (x86)/atmel/studio/7.0/toolchain/avr8/avr8-gnu-toolchain/bin/../lib/gcc/avr/5.4.0/../../../../avr/lib/avrxmega4\libc.a(strnlen_P.o)
                0x00008542                strnlen_P
 .text.avr-libc
                0x00008558       0x16 c:/program files (x86)/atmel/studio/7.0/toolchain/avr8/avr8-gnu-toolchain/bin/../lib/gcc/avr/5.4.0/../../../../avr/lib/avrxmega4\libc.a(strnlen.o)
                0x00008558                strnlen
 .text.avr-libc
                0x0000856e       0x7c c:/program files (x86)/atmel/studio/7.0/toolchain/avr8/avr8-gnu-toolchain/bin/../lib/gcc/avr/5.4.0/../../../../avr/lib/avrxmega4\libc.a(fgetc.o)
                0x0000856e                fgetc
 .text.avr-libc
                0x000085ea       0x78 c:/program files (x86)/atmel/studio/7.0/toolchain/avr8/avr8-gnu-toolchain/bin/../lib/gcc/avr/5.4.0/../../../../avr/lib/avrxmega4\libc.a(fputc.o)
                0x000085ea                fputc
 .text.avr-libc
                0x00008662       0x32 c:/program files (x86)/atmel/studio/7.0/toolchain/avr8/avr8-gnu-toolchain/bin/../lib/gcc/avr/5.4.0/../../../../avr/lib/avrxmega4\libc.a(ungetc.o)
                0x00008662                ungetc
 .text.avr-libc
                0x00008694       0xbc c:/program files (x86)/atmel/studio/7.0/toolchain/avr8/avr8-gnu-toolchain/bin/../lib/gcc/avr/5.4.0/../../../../avr/lib/avrxmega4\libc.a(ultoa_invert.o)
                0x00008694                __ultoa_invert
 .text.avr-libc
                0x00008750        0x6 c:/program files (x86)/atmel/studio/7.0/toolchain/avr8/avr8-gnu-toolchain/bin/../lib/gcc/avr/5.4.0/../../../../avr/lib/avrxmega4\libc.a(cty_isfalse.o)
                0x00008750                __ctype_isfalse
                0x00008754                __ctype_istrue
                0x00008756                . = ALIGN (0x2)
 *(.fini9)
 .fini9         0x00008756        0x0 c:/program files (x86)/atmel/studio/7.0/toolchain/avr8/avr8-gnu-toolchain/bin/../lib/gcc/avr/5.4.0/avrxmega4\libgcc.a(_exit.o)
                0x00008756                _exit
                0x00008756                exit
 *(.fini9)
 *(.fini8)
 *(.fini8)
 *(.fini7)
 *(.fini7)
 *(.fini6)
 *(.fini6)
 *(.fini5)
 *(.fini5)
 *(.fini4)
 *(.fini4)
 *(.fini3)
 *(.fini3)
 *(.fini2)
 *(.fini2)
 *(.fini1)
 *(.fini1)
 *(.fini0)
 .fini0         0x00008756        0x4 c:/program files (x86)/atmel/studio/7.0/toolchain/avr8/avr8-gnu-toolchain/bin/../lib/gcc/avr/5.4.0/avrxmega4\libgcc.a(_exit.o)
 *(.fini0)
                0x0000875a                _etext = .

.data           0x00804000      0x61c load address 0x0000875a
                0x00804000                PROVIDE (__data_start, .)
 *(.data)
 *(.data*)
 .data.IsLXbattery
                0x00804000        0x1 main.o
                0x00804000                IsLXbattery
 .data.DemoResistance
                0x00804001        0x1 main.o
                0x00804001                DemoResistance
 .data.USART_0_stream
                0x00804002        0xe src/usart_basic.o
                0x00804002                USART_0_stream
 *(.gnu.linkonce.d*)
 *(.rodata)
 *(.rodata*)
 .rodata.str1.1
                0x00804010       0x91 AutoCalibrate.o
 .rodata.str1.1
                0x008040a1      0x21f BluetoothDataIn.o
 .rodata.str1.1
                0x008042c0       0x91 BluetoothDataOut.o
                                 0x92 (size before relaxing)
 .rodata.str1.1
                0x00804351      0x122 bobs_functions.o
                                0x125 (size before relaxing)
 .rodata.str1.1
                0x00804473       0x1d EepromFunctions.o
                                 0x2a (size before relaxing)
 .rodata.str1.1
                0x00804490       0x84 main.o
                                 0x8f (size before relaxing)
 .rodata.str1.1
                0x00804514      0x107 SYBT5_Routines.o
 *(.gnu.linkonce.r*)
                0x0080461c                . = ALIGN (0x2)
 *fill*         0x0080461b        0x1 
                0x0080461c                _edata = .
                0x0080461c                PROVIDE (__data_end, .)

.bss            0x0080461c      0xea8
                0x0080461c                PROVIDE (__bss_start, .)
 *(.bss)
 *(.bss*)
 .bss.NumPreferenceAttmpt.6316
                0x0080461c        0x1 BluetoothDataOut.o
 .bss.PreferenceDataBuffer.6315
                0x0080461d       0x3c BluetoothDataOut.o
 .bss.NumFlavorAttmpt.6303
                0x00804659        0x1 BluetoothDataOut.o
 .bss.FlavorDataBuffer.6302
                0x0080465a       0x32 BluetoothDataOut.o
 .bss.NumManCalAttmpt.6297
                0x0080468c        0x1 BluetoothDataOut.o
 .bss.ManualCalDataBuffer.6296
                0x0080468d      0x12c BluetoothDataOut.o
 .bss.NumADcalAttmpt.6291
                0x008047b9        0x1 BluetoothDataOut.o
 .bss.ADcalDataBuffer.6290
                0x008047ba       0x1e BluetoothDataOut.o
 .bss.NumberAttempts.6279
                0x008047d8        0x1 BluetoothDataOut.o
 .bss.BatteryDataBuffer.6278
                0x008047d9       0x64 BluetoothDataOut.o
 .bss.Temperature.6171
                0x0080483d        0x2 main.o
 .bss.tempTemperature.6176
                0x0080483f        0x4 main.o
 .bss.temp.6164
                0x00804843        0x4 main.o
 .bss.DisplayVoltageDropTimerExpired
                0x00804847        0x1 main.o
                0x00804847                DisplayVoltageDropTimerExpired
 .bss.SYBTalreadyConnectedButNoBattery
                0x00804848        0x1 main.o
                0x00804848                SYBTalreadyConnectedButNoBattery
 .bss.SYBTconnectedButNoBattery
                0x00804849        0x1 main.o
                0x00804849                SYBTconnectedButNoBattery
 .bss.SYBTisProvidingPower
                0x0080484a        0x1 main.o
                0x0080484a                SYBTisProvidingPower
 .bss.SYBT5connectedDelay.6249
                0x0080484b        0x2 SYBT5_Routines.o
 *(COMMON)
 COMMON         0x0080484d      0xc3a AutoCalibrate.o
                0x0080484d                TypeOfBatteryConnected
                0x0080484e                SYBTcount
                0x00804850                R_Zero_VoltageDrop
                0x00804852                volts_noload
                0x00804855                loop
                0x00804859                EEpromData1
                0x0080485a                volts_wloadLX
                0x0080485d                c2
                0x00804861                array_SYBT
                0x00805289                inputString
                0x008052ac                inputCount
                0x008052ad                cal
                0x00805345                savedBatteryStringBitPosition
                0x00805346                column
                0x00805347                SYBT
                0x00805361                temperature
                0x00805365                linecount
                0x00805366                Resistance_String
                0x0080537a                bytecount
                0x0080537b                compiledDataString
                0x008053a3                SerialnumberOrCalFactor
                0x008053a4                CollectionComplete
                0x008053a5                savedBatteryString
                0x008053f5                Take_Measurements
                0x008053f6                EEpromData3
                0x008053f7                c1
                0x008053fb                KeepTRelayOn
                0x008053fc                twentyfourvoltsupply
                0x008053fe                volts_noloadLX
                0x00805401                compiledBatteryString
                0x0080545b                savedSwitchPosition
                0x0080545c                IsE3Sbattery
                0x0080545d                Rows
                0x0080545e                resistance
                0x00805462                EEpromData2
                0x00805476                c3
                0x0080547a                savedCalFactor
                0x0080547b                savedTemperatureString
                0x0080547f                savedHighTemperature
                0x00805480                volts_wload
                0x00805484                SYBTreturnedData
                0x00805485                SixVoltBattery
 COMMON         0x00805487       0x19 BluetoothDataIn.o
                0x00805487                Bluetooth_Name
 COMMON         0x008054a0        0x3 bobs_functions.o
                0x008054a0                i
                0x008054a2                OverrideSafeties
 COMMON         0x008054a3       0x1b main.o
                0x008054a3                New_Bluetooth_Name
                0x008054a5                Unfinished_Business
                0x008054a9                send_data_delay
                0x008054ab                Business
                0x008054ac                SleepTimeRemaining
                0x008054b0                SleepTimer
                0x008054b4                startup_delay
                0x008054b6                BluetoothDelay
                0x008054b8                number_of_loops
                0x008054ba                ATTINYTimer
 COMMON         0x008054be        0x6 c:/program files (x86)/atmel/studio/7.0/toolchain/avr8/avr8-gnu-toolchain/bin/../lib/gcc/avr/5.4.0/../../../../avr/lib/avrxmega4\libc.a(iob.o)
                0x008054be                __iob
                0x008054c4                PROVIDE (__bss_end, .)
                0x0000875a                __data_load_start = LOADADDR (.data)
                0x00008d76                __data_load_end = (__data_load_start + SIZEOF (.data))

.noinit         0x008054c4        0x0
                [!provide]                PROVIDE (__noinit_start, .)
 *(.noinit*)
                [!provide]                PROVIDE (__noinit_end, .)
                0x008054c4                _end = .
                [!provide]                PROVIDE (__heap_start, .)

.eeprom         0x00810000        0x0
 *(.eeprom*)
                0x00810000                __eeprom_end = .

.fuse
 *(.fuse)
 *(.lfuse)
 *(.hfuse)
 *(.efuse)

.lock
 *(.lock*)

.signature
 *(.signature*)

.user_signatures
 *(.user_signatures*)

.stab
 *(.stab)

.stabstr
 *(.stabstr)

.stab.excl
 *(.stab.excl)

.stab.exclstr
 *(.stab.exclstr)

.stab.index
 *(.stab.index)

.stab.indexstr
 *(.stab.indexstr)

.comment        0x00000000       0x5c
 *(.comment)
 .comment       0x00000000       0x30 atmel_start.o
                                 0x31 (size before relaxing)
 .comment       0x00000030       0x31 AutoCalibrate.o
 .comment       0x00000030       0x31 BluetoothDataIn.o
 .comment       0x00000030       0x31 BluetoothDataOut.o
 .comment       0x00000030       0x31 bobs_functions.o
 .comment       0x00000030       0x31 EepromFunctions.o
 .comment       0x00000030       0x31 main.o
 .comment       0x00000030       0x31 seven_seg_led.o
 .comment       0x00000030       0x31 src/adc_basic.o
 .comment       0x00000030       0x31 src/bod.o
 .comment       0x00000030       0x31 src/clkctrl.o
 .comment       0x00000030       0x31 src/cpuint.o
 .comment       0x00000030       0x31 src/driver_init.o
 .comment       0x00000030       0x31 src/evsys.o
 .comment       0x00000030       0x31 src/nvmctrl_basic.o
 .comment       0x00000030       0x31 src/slpctrl.o
 .comment       0x00000030       0x31 src/usart_basic.o
 .comment       0x00000030       0x31 src/vref.o
 .comment       0x00000030       0x31 src/wdt.o
 .comment       0x00000030       0x31 SYBT5_Routines.o
 .comment       0x00000030       0x31 c:/program files (x86)/atmel/studio/7.0/toolchain/avr8/avr8-gnu-toolchain/bin/../lib/gcc/avr/5.4.0/../../../../avr/lib/avrxmega4\libc.a(iob.o)
 .comment       0x00000030       0x31 c:/program files (x86)/atmel/studio/7.0/toolchain/avr8/avr8-gnu-toolchain/bin/../lib/gcc/avr/5.4.0/../../../../avr/lib/avrxmega4\libc.a(sprintf.o)
 .comment       0x00000030       0x31 c:/program files (x86)/atmel/studio/7.0/toolchain/avr8/avr8-gnu-toolchain/bin/../lib/gcc/avr/5.4.0/../../../../avr/lib/avrxmega4\libc.a(sscanf.o)
 .comment       0x00000030       0x2c c:/program files (x86)/atmel/studio/7.0/toolchain/avr8/avr8-gnu-toolchain/bin/../lib/gcc/avr/5.4.0/../../../../avr/lib/avrxmega4\libc.a(vfprintf_std.o)
                                 0x2d (size before relaxing)
 .comment       0x0000005c       0x2d c:/program files (x86)/atmel/studio/7.0/toolchain/avr8/avr8-gnu-toolchain/bin/../lib/gcc/avr/5.4.0/../../../../avr/lib/avrxmega4\libc.a(vfscanf_std.o)
 .comment       0x0000005c       0x31 c:/program files (x86)/atmel/studio/7.0/toolchain/avr8/avr8-gnu-toolchain/bin/../lib/gcc/avr/5.4.0/../../../../avr/lib/avrxmega4\libc.a(fgetc.o)
 .comment       0x0000005c       0x31 c:/program files (x86)/atmel/studio/7.0/toolchain/avr8/avr8-gnu-toolchain/bin/../lib/gcc/avr/5.4.0/../../../../avr/lib/avrxmega4\libc.a(fputc.o)
 .comment       0x0000005c       0x31 c:/program files (x86)/atmel/studio/7.0/toolchain/avr8/avr8-gnu-toolchain/bin/../lib/gcc/avr/5.4.0/../../../../avr/lib/avrxmega4\libc.a(ungetc.o)

.note.gnu.avr.deviceinfo
                0x00000000       0x40
 .note.gnu.avr.deviceinfo
                0x00000000       0x40 C:/Program Files (x86)/Atmel/Studio/7.0/Packs/Atmel/AVR-Dx_DFP/1.8.95/gcc/dev/avr128da48/avrxmega4/crtavr128da48.o

.note.gnu.build-id
 *(.note.gnu.build-id)

.debug
 *(.debug)

.line
 *(.line)

.debug_srcinfo
 *(.debug_srcinfo)

.debug_sfnames
 *(.debug_sfnames)

.debug_aranges  0x00000000      0x8a8
 *(.debug_aranges)
 .debug_aranges
                0x00000000       0x20 atmel_start.o
 .debug_aranges
                0x00000020       0x50 AutoCalibrate.o
 .debug_aranges
                0x00000070      0x208 BluetoothDataIn.o
 .debug_aranges
                0x00000278       0x60 BluetoothDataOut.o
 .debug_aranges
                0x000002d8       0xc0 bobs_functions.o
 .debug_aranges
                0x00000398       0x28 EepromFunctions.o
 .debug_aranges
                0x000003c0       0x68 main.o
 .debug_aranges
                0x00000428       0x30 seven_seg_led.o
 .debug_aranges
                0x00000458       0x70 src/adc_basic.o
 .debug_aranges
                0x000004c8       0x20 src/bod.o
 .debug_aranges
                0x000004e8       0x20 src/clkctrl.o
 .debug_aranges
                0x00000508       0x20 src/cpuint.o
 .debug_aranges
                0x00000528       0x58 src/driver_init.o
 .debug_aranges
                0x00000580       0x20 src/evsys.o
 .debug_aranges
                0x000005a0       0x80 src/nvmctrl_basic.o
 .debug_aranges
                0x00000620       0x20 src/protected_io.o
 .debug_aranges
                0x00000640       0x28 src/slpctrl.o
 .debug_aranges
                0x00000668      0x128 src/usart_basic.o
 .debug_aranges
                0x00000790       0x20 src/vref.o
 .debug_aranges
                0x000007b0       0x20 src/wdt.o
 .debug_aranges
                0x000007d0       0xd8 SYBT5_Routines.o

.debug_pubnames
 *(.debug_pubnames)

.debug_info     0x00000000    0x15272
 *(.debug_info .gnu.linkonce.wi.*)
 .debug_info    0x00000000     0x2c24 C:/Program Files (x86)/Atmel/Studio/7.0/Packs/Atmel/AVR-Dx_DFP/1.8.95/gcc/dev/avr128da48/avrxmega4/crtavr128da48.o
 .debug_info    0x00002c24       0x9a atmel_start.o
 .debug_info    0x00002cbe     0x13ea AutoCalibrate.o
 .debug_info    0x000040a8     0x387c BluetoothDataIn.o
 .debug_info    0x00007924     0x10b0 BluetoothDataOut.o
 .debug_info    0x000089d4     0x1eb3 bobs_functions.o
 .debug_info    0x0000a887     0x149f EepromFunctions.o
 .debug_info    0x0000bd26     0x256e main.o
 .debug_info    0x0000e294       0xfa seven_seg_led.o
 .debug_info    0x0000e38e      0x5f0 src/adc_basic.o
 .debug_info    0x0000e97e      0x188 src/bod.o
 .debug_info    0x0000eb06       0x8d src/clkctrl.o
 .debug_info    0x0000eb93       0x8d src/cpuint.o
 .debug_info    0x0000ec20     0x23b1 src/driver_init.o
 .debug_info    0x00010fd1       0x8d src/evsys.o
 .debug_info    0x0001105e      0xe1d src/nvmctrl_basic.o
 .debug_info    0x00011e7b       0x85 src/protected_io.o
 .debug_info    0x00011f00      0x136 src/slpctrl.o
 .debug_info    0x00012036      0x6c4 src/usart_basic.o
 .debug_info    0x000126fa      0x15d src/vref.o
 .debug_info    0x00012857      0x22d src/wdt.o
 .debug_info    0x00012a84     0x27ee SYBT5_Routines.o

.debug_abbrev   0x00000000     0x4b95
 *(.debug_abbrev)
 .debug_abbrev  0x00000000     0x29ce C:/Program Files (x86)/Atmel/Studio/7.0/Packs/Atmel/AVR-Dx_DFP/1.8.95/gcc/dev/avr128da48/avrxmega4/crtavr128da48.o
 .debug_abbrev  0x000029ce       0x63 atmel_start.o
 .debug_abbrev  0x00002a31      0x27b AutoCalibrate.o
 .debug_abbrev  0x00002cac      0x2fe BluetoothDataIn.o
 .debug_abbrev  0x00002faa      0x185 BluetoothDataOut.o
 .debug_abbrev  0x0000312f      0x416 bobs_functions.o
 .debug_abbrev  0x00003545      0x13f EepromFunctions.o
 .debug_abbrev  0x00003684      0x3b0 main.o
 .debug_abbrev  0x00003a34       0x7e seven_seg_led.o
 .debug_abbrev  0x00003ab2      0x1bb src/adc_basic.o
 .debug_abbrev  0x00003c6d       0xaf src/bod.o
 .debug_abbrev  0x00003d1c       0x51 src/clkctrl.o
 .debug_abbrev  0x00003d6d       0x51 src/cpuint.o
 .debug_abbrev  0x00003dbe      0x21c src/driver_init.o
 .debug_abbrev  0x00003fda       0x51 src/evsys.o
 .debug_abbrev  0x0000402b      0x2c7 src/nvmctrl_basic.o
 .debug_abbrev  0x000042f2       0x14 src/protected_io.o
 .debug_abbrev  0x00004306       0xc4 src/slpctrl.o
 .debug_abbrev  0x000043ca      0x27e src/usart_basic.o
 .debug_abbrev  0x00004648       0xaf src/vref.o
 .debug_abbrev  0x000046f7      0x105 src/wdt.o
 .debug_abbrev  0x000047fc      0x399 SYBT5_Routines.o

.debug_line     0x00000000     0x6c75
 *(.debug_line .debug_line.* .debug_line_end)
 .debug_line    0x00000000      0x1f3 C:/Program Files (x86)/Atmel/Studio/7.0/Packs/Atmel/AVR-Dx_DFP/1.8.95/gcc/dev/avr128da48/avrxmega4/crtavr128da48.o
 .debug_line    0x000001f3       0x60 atmel_start.o
 .debug_line    0x00000253      0x5ea AutoCalibrate.o
 .debug_line    0x0000083d     0x1b06 BluetoothDataIn.o
 .debug_line    0x00002343      0x387 BluetoothDataOut.o
 .debug_line    0x000026ca      0xd2e bobs_functions.o
 .debug_line    0x000033f8      0x396 EepromFunctions.o
 .debug_line    0x0000378e      0xcc2 main.o
 .debug_line    0x00004450      0x28a seven_seg_led.o
 .debug_line    0x000046da      0x27a src/adc_basic.o
 .debug_line    0x00004954      0x10c src/bod.o
 .debug_line    0x00004a60       0xa6 src/clkctrl.o
 .debug_line    0x00004b06       0xa5 src/cpuint.o
 .debug_line    0x00004bab      0x53e src/driver_init.o
 .debug_line    0x000050e9       0xa5 src/evsys.o
 .debug_line    0x0000518e      0x606 src/nvmctrl_basic.o
 .debug_line    0x00005794       0x5b src/protected_io.o
 .debug_line    0x000057ef      0x120 src/slpctrl.o
 .debug_line    0x0000590f      0x4d6 src/usart_basic.o
 .debug_line    0x00005de5      0x10d src/vref.o
 .debug_line    0x00005ef2      0x136 src/wdt.o
 .debug_line    0x00006028      0xc4d SYBT5_Routines.o

.debug_frame    0x00000000     0x1c88
 *(.debug_frame)
 .debug_frame   0x00000000       0x24 atmel_start.o
 .debug_frame   0x00000024      0x1a0 AutoCalibrate.o
 .debug_frame   0x000001c4      0x998 BluetoothDataIn.o
 .debug_frame   0x00000b5c       0xe8 BluetoothDataOut.o
 .debug_frame   0x00000c44      0x36c bobs_functions.o
 .debug_frame   0x00000fb0       0x9c EepromFunctions.o
 .debug_frame   0x0000104c      0x274 main.o
 .debug_frame   0x000012c0       0x44 seven_seg_led.o
 .debug_frame   0x00001304       0xc4 src/adc_basic.o
 .debug_frame   0x000013c8       0x24 src/bod.o
 .debug_frame   0x000013ec       0x24 src/clkctrl.o
 .debug_frame   0x00001410       0x24 src/cpuint.o
 .debug_frame   0x00001434       0x94 src/driver_init.o
 .debug_frame   0x000014c8       0x24 src/evsys.o
 .debug_frame   0x000014ec      0x230 src/nvmctrl_basic.o
 .debug_frame   0x0000171c       0x34 src/slpctrl.o
 .debug_frame   0x00001750      0x234 src/usart_basic.o
 .debug_frame   0x00001984       0x24 src/vref.o
 .debug_frame   0x000019a8       0x24 src/wdt.o
 .debug_frame   0x000019cc      0x2bc SYBT5_Routines.o

.debug_str      0x00000000     0x4923
 *(.debug_str)
 .debug_str     0x00000000     0x1320 C:/Program Files (x86)/Atmel/Studio/7.0/Packs/Atmel/AVR-Dx_DFP/1.8.95/gcc/dev/avr128da48/avrxmega4/crtavr128da48.o
 .debug_str     0x00001320      0x16d atmel_start.o
                                0x1a1 (size before relaxing)
 .debug_str     0x0000148d      0x888 AutoCalibrate.o
                                0xad4 (size before relaxing)
 .debug_str     0x00001d15      0x539 BluetoothDataIn.o
                                0xf46 (size before relaxing)
 .debug_str     0x0000224e      0x18f BluetoothDataOut.o
                                0xa34 (size before relaxing)
 .debug_str     0x000023dd      0x42b bobs_functions.o
                                0xe79 (size before relaxing)
 .debug_str     0x00002808       0x6f EepromFunctions.o
                                0x899 (size before relaxing)
 .debug_str     0x00002877      0x419 main.o
                               0x103b (size before relaxing)
 .debug_str     0x00002c90       0x2b seven_seg_led.o
                                0x1c6 (size before relaxing)
 .debug_str     0x00002cbb      0x555 src/adc_basic.o
                                0x711 (size before relaxing)
 .debug_str     0x00003210       0xc7 src/bod.o
                                0x23c (size before relaxing)
 .debug_str     0x000032d7       0x1e src/clkctrl.o
                                0x18e (size before relaxing)
 .debug_str     0x000032f5       0x1c src/cpuint.o
                                0x18c (size before relaxing)
 .debug_str     0x00003311      0x82d src/driver_init.o
                                0xbec (size before relaxing)
 .debug_str     0x00003b3e        0xf src/evsys.o
                                0x193 (size before relaxing)
 .debug_str     0x00003b4d      0x3fc src/nvmctrl_basic.o
                                0x684 (size before relaxing)
 .debug_str     0x00003f49       0xb9 src/slpctrl.o
                                0x250 (size before relaxing)
 .debug_str     0x00004002      0x290 src/usart_basic.o
                                0x547 (size before relaxing)
 .debug_str     0x00004292       0xc4 src/vref.o
                                0x272 (size before relaxing)
 .debug_str     0x00004356      0x22b src/wdt.o
                                0x40e (size before relaxing)
 .debug_str     0x00004581      0x3a2 SYBT5_Routines.o
                                0xdf9 (size before relaxing)

.debug_loc      0x00000000     0x9835
 *(.debug_loc)
 .debug_loc     0x00000000      0x9ea AutoCalibrate.o
 .debug_loc     0x000009ea     0x2708 BluetoothDataIn.o
 .debug_loc     0x000030f2      0x432 BluetoothDataOut.o
 .debug_loc     0x00003524     0x15ca bobs_functions.o
 .debug_loc     0x00004aee      0x144 EepromFunctions.o
 .debug_loc     0x00004c32     0x12f2 main.o
 .debug_loc     0x00005f24      0x6d5 seven_seg_led.o
 .debug_loc     0x000065f9       0xb1 src/adc_basic.o
 .debug_loc     0x000066aa      0xcbd src/driver_init.o
 .debug_loc     0x00007367      0xea4 src/nvmctrl_basic.o
 .debug_loc     0x0000820b       0x21 src/slpctrl.o
 .debug_loc     0x0000822c       0x47 src/usart_basic.o
 .debug_loc     0x00008273       0x2a src/wdt.o
 .debug_loc     0x0000829d     0x1598 SYBT5_Routines.o

.debug_macinfo
 *(.debug_macinfo)

.debug_weaknames
 *(.debug_weaknames)

.debug_funcnames
 *(.debug_funcnames)

.debug_typenames
 *(.debug_typenames)

.debug_varnames
 *(.debug_varnames)

.debug_pubtypes
 *(.debug_pubtypes)

.debug_ranges   0x00000000      0x748
 *(.debug_ranges)
 .debug_ranges  0x00000000       0x10 atmel_start.o
 .debug_ranges  0x00000010       0x40 AutoCalibrate.o
 .debug_ranges  0x00000050      0x1f8 BluetoothDataIn.o
 .debug_ranges  0x00000248       0x50 BluetoothDataOut.o
 .debug_ranges  0x00000298       0xb0 bobs_functions.o
 .debug_ranges  0x00000348       0x18 EepromFunctions.o
 .debug_ranges  0x00000360       0x58 main.o
 .debug_ranges  0x000003b8       0x20 seven_seg_led.o
 .debug_ranges  0x000003d8       0x60 src/adc_basic.o
 .debug_ranges  0x00000438       0x10 src/bod.o
 .debug_ranges  0x00000448       0x10 src/clkctrl.o
 .debug_ranges  0x00000458       0x10 src/cpuint.o
 .debug_ranges  0x00000468       0x48 src/driver_init.o
 .debug_ranges  0x000004b0       0x10 src/evsys.o
 .debug_ranges  0x000004c0       0x70 src/nvmctrl_basic.o
 .debug_ranges  0x00000530       0x18 src/slpctrl.o
 .debug_ranges  0x00000548      0x118 src/usart_basic.o
 .debug_ranges  0x00000660       0x10 src/vref.o
 .debug_ranges  0x00000670       0x10 src/wdt.o
 .debug_ranges  0x00000680       0xc8 SYBT5_Routines.o

.debug_macro
 *(.debug_macro)
OUTPUT(SybesterIII.elf elf32-avr)
LOAD linker stubs
